MO fa NULL D:/Xilinix/experiments/rfa/rfa.v vlg5F/fa.bin 1616745459
MO ha NULL D:/Xilinix/experiments/rfa/rfa.v vlg69/ha.bin 1616745459
MO faa NULL D:/Xilinix/experiments/rfa/faa.tfw vlg3C/faa.bin 1616745570
MO glbl NULL C:/Xilinx92i/verilog/src/glbl.v vlg2D/glbl.bin 1616745460
MO raf NULL D:/Xilinix/experiments/rfa/rfa.v vlg6D/raf.bin 1616745459
